../Core/Src/main.c:75:5:__io_putchar	1
../Core/Src/main.c:86:5:main	3
../Core/Src/main.c:212:6:SystemClock_Config	3
../Core/Src/main.c:260:13:MX_I2C1_Init	2
../Core/Src/main.c:294:13:MX_TIM1_Init	8
../Core/Src/main.c:371:13:MX_TIM2_Init	4
../Core/Src/main.c:416:13:MX_USART2_UART_Init	2
../Core/Src/main.c:449:13:MX_USART3_UART_Init	2
../Core/Src/main.c:482:13:MX_GPIO_Init	1
../Core/Src/main.c:522:6:dataToMotor	12
../Core/Src/main.c:569:6:HAL_UART_RxCpltCallback	14
../Core/Src/main.c:651:6:Error_Handler	1
