../Core/Src/main.c:83:5:__io_putchar	1
../Core/Src/main.c:95:5:main	6
../Core/Src/main.c:259:6:SystemClock_Config	3
../Core/Src/main.c:307:13:MX_I2C1_Init	2
../Core/Src/main.c:341:13:MX_TIM1_Init	8
../Core/Src/main.c:418:13:MX_TIM2_Init	4
../Core/Src/main.c:463:13:MX_USART2_UART_Init	2
../Core/Src/main.c:496:13:MX_USART3_UART_Init	2
../Core/Src/main.c:529:13:MX_GPIO_Init	1
../Core/Src/main.c:580:6:dataToMotor	10
../Core/Src/main.c:645:6:HAL_UART_RxCpltCallback	2
../Core/Src/main.c:742:6:Error_Handler	1
