../Core/Src/main.c:75:5:__io_putchar	16	static
../Core/Src/main.c:86:5:main	8	static
../Core/Src/main.c:219:6:SystemClock_Config	88	static
../Core/Src/main.c:267:13:MX_I2C1_Init	8	static
../Core/Src/main.c:301:13:MX_TIM1_Init	80	static
../Core/Src/main.c:378:13:MX_TIM2_Init	32	static
../Core/Src/main.c:423:13:MX_USART2_UART_Init	8	static
../Core/Src/main.c:456:13:MX_USART3_UART_Init	8	static
../Core/Src/main.c:489:13:MX_GPIO_Init	48	static
../Core/Src/main.c:613:6:Error_Handler	4	static,ignoring_inline_asm
