../Core/Src/main.c:75:5:__io_putchar	16	static
../Core/Src/main.c:86:5:main	48	static
../Core/Src/main.c:200:6:SystemClock_Config	88	static
../Core/Src/main.c:248:13:MX_I2C1_Init	8	static
../Core/Src/main.c:282:13:MX_TIM1_Init	80	static
../Core/Src/main.c:359:13:MX_TIM2_Init	32	static
../Core/Src/main.c:404:13:MX_USART2_UART_Init	8	static
../Core/Src/main.c:437:13:MX_USART3_UART_Init	8	static
../Core/Src/main.c:470:13:MX_GPIO_Init	48	static
../Core/Src/main.c:522:6:HAL_UART_RxCpltCallback	16	static
../Core/Src/main.c:605:6:Error_Handler	4	static,ignoring_inline_asm
